(config.Config) {
 Runner: (*config.Runner)(<nil>),
 Project: (string) (len=4) "test",
 Apps: ([]*config.App) (len=1 cap=1) {
  (*config.App)({
   Name: (string) (len=3) "web",
   Path: (string) "",
   Labels: (map[string]string) <nil>,
   URL: (*config.AppURL)({
    AutoHostname: (*bool)(<nil>)
   }),
   Build: (*config.Build)(<nil>),
   Platform: (*config.Operation)(<nil>),
   Release: (*config.Operation)(<nil>)
  })
 },
 Labels: (map[string]string) <nil>
}
